Archive member included because of file (symbol)

c:/program files (x86)/gnu tools arm embedded/4.7 2013q2/bin/../lib/gcc/arm-none-eabi/4.7.4/../../../../arm-none-eabi/lib/armv7-m\libg.a(lib_a-memcpy.o)
                              ..\obj\queue.o (memcpy)
c:/program files (x86)/gnu tools arm embedded/4.7 2013q2/bin/../lib/gcc/arm-none-eabi/4.7.4/../../../../arm-none-eabi/lib/armv7-m\libg.a(lib_a-memset.o)
                              ..\obj\tasks.o (memset)

Discarded input sections

 .text          0x00000000        0x0 ..\obj\core_cm3.o
 .data          0x00000000        0x0 ..\obj\core_cm3.o
 .bss           0x00000000        0x0 ..\obj\core_cm3.o
 .text.__get_PSP
                0x00000000       0x10 ..\obj\core_cm3.o
 .text.__set_PSP
                0x00000000        0x8 ..\obj\core_cm3.o
 .text.__get_MSP
                0x00000000       0x10 ..\obj\core_cm3.o
 .text.__set_MSP
                0x00000000        0x8 ..\obj\core_cm3.o
 .text.__get_BASEPRI
                0x00000000       0x20 ..\obj\core_cm3.o
 .text.__set_BASEPRI
                0x00000000       0x18 ..\obj\core_cm3.o
 .text.__get_PRIMASK
                0x00000000       0x20 ..\obj\core_cm3.o
 .text.__set_PRIMASK
                0x00000000       0x18 ..\obj\core_cm3.o
 .text.__get_FAULTMASK
                0x00000000       0x20 ..\obj\core_cm3.o
 .text.__set_FAULTMASK
                0x00000000       0x18 ..\obj\core_cm3.o
 .text.__get_CONTROL
                0x00000000       0x20 ..\obj\core_cm3.o
 .text.__set_CONTROL
                0x00000000       0x18 ..\obj\core_cm3.o
 .text.__REV    0x00000000       0x24 ..\obj\core_cm3.o
 .text.__REV16  0x00000000       0x24 ..\obj\core_cm3.o
 .text.__REVSH  0x00000000       0x24 ..\obj\core_cm3.o
 .text.__RBIT   0x00000000       0x24 ..\obj\core_cm3.o
 .text.__LDREXB
                0x00000000       0x24 ..\obj\core_cm3.o
 .text.__LDREXH
                0x00000000       0x24 ..\obj\core_cm3.o
 .text.__LDREXW
                0x00000000       0x24 ..\obj\core_cm3.o
 .text.__STREXB
                0x00000000       0x2c ..\obj\core_cm3.o
 .text.__STREXH
                0x00000000       0x2c ..\obj\core_cm3.o
 .text.__STREXW
                0x00000000       0x28 ..\obj\core_cm3.o
 .debug_info    0x00000000      0x55e ..\obj\core_cm3.o
 .debug_abbrev  0x00000000       0xe4 ..\obj\core_cm3.o
 .debug_loc     0x00000000      0x3f0 ..\obj\core_cm3.o
 .debug_aranges
                0x00000000       0xc8 ..\obj\core_cm3.o
 .debug_ranges  0x00000000       0xb8 ..\obj\core_cm3.o
 .debug_line    0x00000000      0x2b6 ..\obj\core_cm3.o
 .debug_str     0x00000000      0x28c ..\obj\core_cm3.o
 .comment       0x00000000       0x71 ..\obj\core_cm3.o
 .ARM.attributes
                0x00000000       0x33 ..\obj\core_cm3.o
 .debug_frame   0x00000000      0x280 ..\obj\core_cm3.o
 .text          0x00000000        0x0 ..\obj\system_stm32f10x.o
 .data          0x00000000       0x14 ..\obj\system_stm32f10x.o
 .bss           0x00000000        0x0 ..\obj\system_stm32f10x.o
 .text.SystemCoreClockUpdate
                0x00000000      0x148 ..\obj\system_stm32f10x.o
 .text          0x00000000        0x0 ..\obj\startup_stm32f10x_md.o
 .data          0x00000000        0x0 ..\obj\startup_stm32f10x_md.o
 .bss           0x00000000        0x0 ..\obj\startup_stm32f10x_md.o
 .text          0x00000000        0x0 ..\obj\stm32f10x_gpio.o
 .data          0x00000000        0x0 ..\obj\stm32f10x_gpio.o
 .bss           0x00000000        0x0 ..\obj\stm32f10x_gpio.o
 .text.GPIO_DeInit
                0x00000000      0x128 ..\obj\stm32f10x_gpio.o
 .text.GPIO_AFIODeInit
                0x00000000       0x20 ..\obj\stm32f10x_gpio.o
 .text.GPIO_Init
                0x00000000      0x1b0 ..\obj\stm32f10x_gpio.o
 .text.GPIO_StructInit
                0x00000000       0x2c ..\obj\stm32f10x_gpio.o
 .text.GPIO_ReadInputDataBit
                0x00000000       0x3c ..\obj\stm32f10x_gpio.o
 .text.GPIO_ReadInputData
                0x00000000       0x1c ..\obj\stm32f10x_gpio.o
 .text.GPIO_ReadOutputDataBit
                0x00000000       0x3c ..\obj\stm32f10x_gpio.o
 .text.GPIO_ReadOutputData
                0x00000000       0x1c ..\obj\stm32f10x_gpio.o
 .text.GPIO_SetBits
                0x00000000       0x1c ..\obj\stm32f10x_gpio.o
 .text.GPIO_ResetBits
                0x00000000       0x1c ..\obj\stm32f10x_gpio.o
 .text.GPIO_WriteBit
                0x00000000       0x30 ..\obj\stm32f10x_gpio.o
 .text.GPIO_Write
                0x00000000       0x1c ..\obj\stm32f10x_gpio.o
 .text.GPIO_PinLockConfig
                0x00000000       0x44 ..\obj\stm32f10x_gpio.o
 .text.GPIO_EventOutputConfig
                0x00000000       0x54 ..\obj\stm32f10x_gpio.o
 .text.GPIO_EventOutputCmd
                0x00000000       0x20 ..\obj\stm32f10x_gpio.o
 .text.GPIO_PinRemapConfig
                0x00000000      0x120 ..\obj\stm32f10x_gpio.o
 .text.GPIO_EXTILineConfig
                0x00000000       0xb0 ..\obj\stm32f10x_gpio.o
 .text.GPIO_ETH_MediaInterfaceConfig
                0x00000000       0x20 ..\obj\stm32f10x_gpio.o
 .debug_info    0x00000000      0x72e ..\obj\stm32f10x_gpio.o
 .debug_abbrev  0x00000000      0x1ca ..\obj\stm32f10x_gpio.o
 .debug_loc     0x00000000      0x3e4 ..\obj\stm32f10x_gpio.o
 .debug_aranges
                0x00000000       0xa8 ..\obj\stm32f10x_gpio.o
 .debug_ranges  0x00000000       0x98 ..\obj\stm32f10x_gpio.o
 .debug_line    0x00000000      0x404 ..\obj\stm32f10x_gpio.o
 .debug_str     0x00000000      0x4e2 ..\obj\stm32f10x_gpio.o
 .comment       0x00000000       0x71 ..\obj\stm32f10x_gpio.o
 .ARM.attributes
                0x00000000       0x33 ..\obj\stm32f10x_gpio.o
 .debug_frame   0x00000000      0x210 ..\obj\stm32f10x_gpio.o
 .text          0x00000000        0x0 ..\obj\MenuDriverComon.o
 .data          0x00000000        0x0 ..\obj\MenuDriverComon.o
 .bss           0x00000000        0x0 ..\obj\MenuDriverComon.o
 .text.DefaultCallback
                0x00000000       0x14 ..\obj\MenuDriverComon.o
 .text.GetWidgetAccess
                0x00000000       0x28 ..\obj\MenuDriverComon.o
 .debug_info    0x00000000      0x1f6 ..\obj\MenuDriverComon.o
 .debug_abbrev  0x00000000       0xe4 ..\obj\MenuDriverComon.o
 .debug_loc     0x00000000       0x70 ..\obj\MenuDriverComon.o
 .debug_aranges
                0x00000000       0x28 ..\obj\MenuDriverComon.o
 .debug_ranges  0x00000000       0x18 ..\obj\MenuDriverComon.o
 .debug_line    0x00000000      0x1b3 ..\obj\MenuDriverComon.o
 .debug_str     0x00000000      0x25e ..\obj\MenuDriverComon.o
 .comment       0x00000000       0x71 ..\obj\MenuDriverComon.o
 .ARM.attributes
                0x00000000       0x33 ..\obj\MenuDriverComon.o
 .debug_frame   0x00000000       0x48 ..\obj\MenuDriverComon.o
 .text          0x00000000        0x0 ..\obj\main.o
 .data          0x00000000       0x8c ..\obj\main.o
 .bss           0x00000000        0x0 ..\obj\main.o
 .text          0x00000000        0x0 ..\obj\MenuTask.o
 .data          0x00000000        0xc ..\obj\MenuTask.o
 .bss           0x00000000        0xc ..\obj\MenuTask.o
 .text.delay_ms
                0x00000000       0x14 ..\obj\MenuTask.o
 .text.GetKeyboarState
                0x00000000       0x1c ..\obj\MenuTask.o
 .rodata        0x00000000       0x30 ..\obj\MenuTask.o
 .text.TaskMenu
                0x00000000       0x74 ..\obj\MenuTask.o
 .text.MenuTree_UP_Processig
                0x00000000       0x44 ..\obj\MenuTask.o
 .text.MenuTree_DOWN_Processig
                0x00000000       0x44 ..\obj\MenuTask.o
 .text.MenuTree_ENTR_Processig
                0x00000000       0x60 ..\obj\MenuTask.o
 .text.MenuTree_ESC_Processig
                0x00000000       0x40 ..\obj\MenuTask.o
 .text.NumCursorWidget
                0x00000000       0x7c ..\obj\MenuTask.o
 .text.CursorShift
                0x00000000       0xac ..\obj\MenuTask.o
 .text.Menu_UP_Processig
                0x00000000       0x20 ..\obj\MenuTask.o
 .text.Menu_DOWN_Processig
                0x00000000       0x20 ..\obj\MenuTask.o
 .text.Menu_ENTR_Processig
                0x00000000       0x2c ..\obj\MenuTask.o
 .text.Menu_ESC_Processig
                0x00000000       0x1c ..\obj\MenuTask.o
 .text.Control_UP_Processig
                0x00000000       0x40 ..\obj\MenuTask.o
 .text.Control_DOWN_Processig
                0x00000000       0x40 ..\obj\MenuTask.o
 .text.Control_ENTR_Processig
                0x00000000       0x48 ..\obj\MenuTask.o
 .text.Control_ESC_Processig
                0x00000000       0x1c ..\obj\MenuTask.o
 .debug_info    0x00000000      0x73e ..\obj\MenuTask.o
 .debug_abbrev  0x00000000      0x1a7 ..\obj\MenuTask.o
 .debug_loc     0x00000000      0x3b8 ..\obj\MenuTask.o
 .debug_aranges
                0x00000000       0xa0 ..\obj\MenuTask.o
 .debug_ranges  0x00000000       0x90 ..\obj\MenuTask.o
 .debug_line    0x00000000      0x352 ..\obj\MenuTask.o
 .debug_str     0x00000000      0x596 ..\obj\MenuTask.o
 .comment       0x00000000       0x71 ..\obj\MenuTask.o
 .ARM.attributes
                0x00000000       0x33 ..\obj\MenuTask.o
 .debug_frame   0x00000000      0x20c ..\obj\MenuTask.o
 .text          0x00000000        0x0 ..\obj\timers.o
 .data          0x00000000        0x0 ..\obj\timers.o
 .bss           0x00000000        0x0 ..\obj\timers.o
 .debug_info    0x00000000       0x81 ..\obj\timers.o
 .debug_abbrev  0x00000000       0x3c ..\obj\timers.o
 .debug_aranges
                0x00000000       0x18 ..\obj\timers.o
 .debug_line    0x00000000       0x7c ..\obj\timers.o
 .debug_str     0x00000000      0x145 ..\obj\timers.o
 .comment       0x00000000       0x71 ..\obj\timers.o
 .ARM.attributes
                0x00000000       0x33 ..\obj\timers.o
 .text          0x00000000        0x0 ..\obj\MenuItemBox.o
 .data          0x00000000        0x0 ..\obj\MenuItemBox.o
 .bss           0x00000000        0x0 ..\obj\MenuItemBox.o
 .debug_info    0x00000000       0x60 ..\obj\MenuItemBox.o
 .debug_abbrev  0x00000000       0x24 ..\obj\MenuItemBox.o
 .debug_aranges
                0x00000000       0x18 ..\obj\MenuItemBox.o
 .debug_line    0x00000000       0x1d ..\obj\MenuItemBox.o
 .debug_str     0x00000000      0x138 ..\obj\MenuItemBox.o
 .comment       0x00000000       0x71 ..\obj\MenuItemBox.o
 .ARM.attributes
                0x00000000       0x33 ..\obj\MenuItemBox.o
 .text          0x00000000        0x0 ..\obj\stm32f10x_rcc.o
 .data          0x00000000       0x14 ..\obj\stm32f10x_rcc.o
 .bss           0x00000000        0x0 ..\obj\stm32f10x_rcc.o
 .text.RCC_DeInit
                0x00000000       0x9c ..\obj\stm32f10x_rcc.o
 .text.RCC_HSEConfig
                0x00000000       0x88 ..\obj\stm32f10x_rcc.o
 .text.RCC_WaitForHSEStartUp
                0x00000000       0x64 ..\obj\stm32f10x_rcc.o
 .text.RCC_AdjustHSICalibrationValue
                0x00000000       0x48 ..\obj\stm32f10x_rcc.o
 .text.RCC_HSICmd
                0x00000000       0x20 ..\obj\stm32f10x_rcc.o
 .text.RCC_PLLConfig
                0x00000000       0x48 ..\obj\stm32f10x_rcc.o
 .text.RCC_PLLCmd
                0x00000000       0x20 ..\obj\stm32f10x_rcc.o
 .text.RCC_SYSCLKConfig
                0x00000000       0x40 ..\obj\stm32f10x_rcc.o
 .text.RCC_GetSYSCLKSource
                0x00000000       0x20 ..\obj\stm32f10x_rcc.o
 .text.RCC_HCLKConfig
                0x00000000       0x40 ..\obj\stm32f10x_rcc.o
 .text.RCC_PCLK1Config
                0x00000000       0x40 ..\obj\stm32f10x_rcc.o
 .text.RCC_PCLK2Config
                0x00000000       0x44 ..\obj\stm32f10x_rcc.o
 .text.RCC_ITConfig
                0x00000000       0x60 ..\obj\stm32f10x_rcc.o
 .text.RCC_USBCLKConfig
                0x00000000       0x20 ..\obj\stm32f10x_rcc.o
 .text.RCC_ADCCLKConfig
                0x00000000       0x40 ..\obj\stm32f10x_rcc.o
 .text.RCC_LSEConfig
                0x00000000       0x60 ..\obj\stm32f10x_rcc.o
 .text.RCC_LSICmd
                0x00000000       0x20 ..\obj\stm32f10x_rcc.o
 .text.RCC_RTCCLKConfig
                0x00000000       0x2c ..\obj\stm32f10x_rcc.o
 .text.RCC_RTCCLKCmd
                0x00000000       0x20 ..\obj\stm32f10x_rcc.o
 .text.RCC_GetClocksFreq
                0x00000000      0x1d4 ..\obj\stm32f10x_rcc.o
 .text.RCC_AHBPeriphClockCmd
                0x00000000       0x54 ..\obj\stm32f10x_rcc.o
 .text.RCC_APB2PeriphClockCmd
                0x00000000       0x54 ..\obj\stm32f10x_rcc.o
 .text.RCC_APB1PeriphClockCmd
                0x00000000       0x54 ..\obj\stm32f10x_rcc.o
 .text.RCC_APB2PeriphResetCmd
                0x00000000       0x54 ..\obj\stm32f10x_rcc.o
 .text.RCC_APB1PeriphResetCmd
                0x00000000       0x54 ..\obj\stm32f10x_rcc.o
 .text.RCC_BackupResetCmd
                0x00000000       0x20 ..\obj\stm32f10x_rcc.o
 .text.RCC_ClockSecuritySystemCmd
                0x00000000       0x20 ..\obj\stm32f10x_rcc.o
 .text.RCC_MCOConfig
                0x00000000       0x20 ..\obj\stm32f10x_rcc.o
 .text.RCC_GetFlagStatus
                0x00000000       0x90 ..\obj\stm32f10x_rcc.o
 .text.RCC_ClearFlag
                0x00000000       0x24 ..\obj\stm32f10x_rcc.o
 .text.RCC_GetITStatus
                0x00000000       0x40 ..\obj\stm32f10x_rcc.o
 .text.RCC_ClearITPendingBit
                0x00000000       0x20 ..\obj\stm32f10x_rcc.o
 .debug_info    0x00000000      0x91a ..\obj\stm32f10x_rcc.o
 .debug_abbrev  0x00000000      0x1bc ..\obj\stm32f10x_rcc.o
 .debug_loc     0x00000000      0x6dc ..\obj\stm32f10x_rcc.o
 .debug_aranges
                0x00000000      0x118 ..\obj\stm32f10x_rcc.o
 .debug_ranges  0x00000000      0x108 ..\obj\stm32f10x_rcc.o
 .debug_line    0x00000000      0x512 ..\obj\stm32f10x_rcc.o
 .debug_str     0x00000000      0x5e3 ..\obj\stm32f10x_rcc.o
 .comment       0x00000000       0x71 ..\obj\stm32f10x_rcc.o
 .ARM.attributes
                0x00000000       0x33 ..\obj\stm32f10x_rcc.o
 .debug_frame   0x00000000      0x388 ..\obj\stm32f10x_rcc.o
 .text          0x00000000        0x0 ..\obj\ListBox.o
 .data          0x00000000        0x0 ..\obj\ListBox.o
 .bss           0x00000000        0x0 ..\obj\ListBox.o
 .text.ListBoxCallback
                0x00000000       0x18 ..\obj\ListBox.o
 .text.UserCallbackFunction
                0x00000000       0x30 ..\obj\ListBox.o
 .text.ListBoxGetIndex
                0x00000000       0x18 ..\obj\ListBox.o
 .debug_info    0x00000000      0x2c8 ..\obj\ListBox.o
 .debug_abbrev  0x00000000      0x114 ..\obj\ListBox.o
 .debug_loc     0x00000000       0xa8 ..\obj\ListBox.o
 .debug_aranges
                0x00000000       0x30 ..\obj\ListBox.o
 .debug_ranges  0x00000000       0x20 ..\obj\ListBox.o
 .debug_line    0x00000000      0x1c2 ..\obj\ListBox.o
 .debug_str     0x00000000      0x2e8 ..\obj\ListBox.o
 .comment       0x00000000       0x71 ..\obj\ListBox.o
 .ARM.attributes
                0x00000000       0x33 ..\obj\ListBox.o
 .debug_frame   0x00000000       0x68 ..\obj\ListBox.o
 .text          0x00000000        0x0 ..\obj\tasks.o
 .data          0x00000000        0x0 ..\obj\tasks.o
 .text.vTaskDelete
                0x00000000      0x168 ..\obj\tasks.o
 .text.vTaskDelayUntil
                0x00000000      0x104 ..\obj\tasks.o
 .text.vTaskDelay
                0x00000000       0x70 ..\obj\tasks.o
 .text.uxTaskPriorityGet
                0x00000000       0x38 ..\obj\tasks.o
 .text.uxTaskPriorityGetFromISR
                0x00000000       0x5c ..\obj\tasks.o
 .text.vTaskPrioritySet
                0x00000000      0x1b0 ..\obj\tasks.o
 .text.vTaskSuspend
                0x00000000      0x14c ..\obj\tasks.o
 .text.prvTaskIsTaskSuspended
                0x00000000       0x84 ..\obj\tasks.o
 .text.vTaskResume
                0x00000000       0xd8 ..\obj\tasks.o
 .text.xTaskResumeFromISR
                0x00000000      0x104 ..\obj\tasks.o
 .text.vTaskEndScheduler
                0x00000000       0x34 ..\obj\tasks.o
 .text.xTaskGetTickCount
                0x00000000       0x20 ..\obj\tasks.o
 .text.xTaskGetTickCountFromISR
                0x00000000       0x28 ..\obj\tasks.o
 .text.uxTaskGetNumberOfTasks
                0x00000000       0x18 ..\obj\tasks.o
 .text.pcTaskGetName
                0x00000000       0x4c ..\obj\tasks.o
 .text.vTaskPlaceOnEventList
                0x00000000       0x4c ..\obj\tasks.o
 .text.vTaskPlaceOnUnorderedEventList
                0x00000000       0x84 ..\obj\tasks.o
 .text.xTaskRemoveFromEventList
                0x00000000       0xec ..\obj\tasks.o
 .text.xTaskRemoveFromUnorderedEventList
                0x00000000       0xf0 ..\obj\tasks.o
 .text.vTaskSetTimeOutState
                0x00000000       0x48 ..\obj\tasks.o
 .text.xTaskCheckForTimeOut
                0x00000000       0xcc ..\obj\tasks.o
 .text.vTaskMissedYield
                0x00000000       0x18 ..\obj\tasks.o
 .text.xTaskGetCurrentTaskHandle
                0x00000000       0x20 ..\obj\tasks.o
 .text.vTaskPriorityInherit
                0x00000000      0x144 ..\obj\tasks.o
 .text.xTaskPriorityDisinherit
                0x00000000      0x144 ..\obj\tasks.o
 .text.uxTaskResetEventItemValue
                0x00000000       0x40 ..\obj\tasks.o
 .text.pvTaskIncrementMutexHeldCount
                0x00000000       0x38 ..\obj\tasks.o
 .text.ulTaskNotifyTake
                0x00000000       0xc0 ..\obj\tasks.o
 .text.xTaskNotifyWait
                0x00000000       0xec ..\obj\tasks.o
 .text.xTaskGenericNotify
                0x00000000      0x164 ..\obj\tasks.o
 .text.xTaskGenericNotifyFromISR
                0x00000000      0x1bc ..\obj\tasks.o
 .text.vTaskNotifyGiveFromISR
                0x00000000      0x148 ..\obj\tasks.o
 .text.xTaskNotifyStateClear
                0x00000000       0x58 ..\obj\tasks.o
 .text.prvAddCurrentTaskToDelayedList
                0x00000000      0x110 ..\obj\tasks.o
 .text          0x00000000        0x0 ..\obj\StaticTextBox.o
 .data          0x00000000        0x0 ..\obj\StaticTextBox.o
 .bss           0x00000000        0x0 ..\obj\StaticTextBox.o
 .text.StaticTextBoxCallback
                0x00000000       0x18 ..\obj\StaticTextBox.o
 .debug_info    0x00000000       0xe1 ..\obj\StaticTextBox.o
 .debug_abbrev  0x00000000       0x8a ..\obj\StaticTextBox.o
 .debug_loc     0x00000000       0x38 ..\obj\StaticTextBox.o
 .debug_aranges
                0x00000000       0x20 ..\obj\StaticTextBox.o
 .debug_ranges  0x00000000       0x10 ..\obj\StaticTextBox.o
 .debug_line    0x00000000      0x10d ..\obj\StaticTextBox.o
 .debug_str     0x00000000      0x19b ..\obj\StaticTextBox.o
 .comment       0x00000000       0x71 ..\obj\StaticTextBox.o
 .ARM.attributes
                0x00000000       0x33 ..\obj\StaticTextBox.o
 .debug_frame   0x00000000       0x2c ..\obj\StaticTextBox.o
 .text          0x00000000        0x0 ..\obj\list.o
 .data          0x00000000        0x0 ..\obj\list.o
 .bss           0x00000000        0x0 ..\obj\list.o
 .text.vListInsert
                0x00000000       0x74 ..\obj\list.o
 .text          0x00000000        0x0 ..\obj\syscalls.o
 .data          0x00000000        0x0 ..\obj\syscalls.o
 .bss           0x00000000        0x4 ..\obj\syscalls.o
 .text._sbrk    0x00000000       0x5c ..\obj\syscalls.o
 .text.link     0x00000000       0x1c ..\obj\syscalls.o
 .text._close   0x00000000       0x18 ..\obj\syscalls.o
 .text._fstat   0x00000000       0x24 ..\obj\syscalls.o
 .text._isatty  0x00000000       0x18 ..\obj\syscalls.o
 .text._lseek   0x00000000       0x1c ..\obj\syscalls.o
 .text._read    0x00000000       0x1c ..\obj\syscalls.o
 .text._write   0x00000000       0x1c ..\obj\syscalls.o
 .text.abort    0x00000000        0x8 ..\obj\syscalls.o
 .debug_info    0x00000000      0x443 ..\obj\syscalls.o
 .debug_abbrev  0x00000000       0xe4 ..\obj\syscalls.o
 .debug_loc     0x00000000      0x1ec ..\obj\syscalls.o
 .debug_aranges
                0x00000000       0x60 ..\obj\syscalls.o
 .debug_ranges  0x00000000       0x50 ..\obj\syscalls.o
 .debug_line    0x00000000      0x1c4 ..\obj\syscalls.o
 .debug_str     0x00000000      0x2dd ..\obj\syscalls.o
 .comment       0x00000000       0x71 ..\obj\syscalls.o
 .ARM.attributes
                0x00000000       0x33 ..\obj\syscalls.o
 .debug_frame   0x00000000      0x108 ..\obj\syscalls.o
 .text          0x00000000        0x0 ..\obj\queue.o
 .data          0x00000000        0x0 ..\obj\queue.o
 .bss           0x00000000        0x0 ..\obj\queue.o
 .text.xQueueGenericReset
                0x00000000       0xe4 ..\obj\queue.o
 .text.xQueueGenericCreate
                0x00000000       0x78 ..\obj\queue.o
 .text.prvInitialiseNewQueue
                0x00000000       0x40 ..\obj\queue.o
 .text.prvInitialiseMutex
                0x00000000       0x40 ..\obj\queue.o
 .text.xQueueCreateMutex
                0x00000000       0x38 ..\obj\queue.o
 .text.xQueueGenericSend
                0x00000000      0x1f8 ..\obj\queue.o
 .text.xQueueGenericSendFromISR
                0x00000000      0x13c ..\obj\queue.o
 .text.xQueueGiveFromISR
                0x00000000      0x124 ..\obj\queue.o
 .text.xQueueGenericReceive
                0x00000000      0x228 ..\obj\queue.o
 .text.xQueueReceiveFromISR
                0x00000000      0x10c ..\obj\queue.o
 .text.xQueuePeekFromISR
                0x00000000       0xd4 ..\obj\queue.o
 .text.uxQueueMessagesWaiting
                0x00000000       0x3c ..\obj\queue.o
 .text.uxQueueSpacesAvailable
                0x00000000       0x48 ..\obj\queue.o
 .text.uxQueueMessagesWaitingFromISR
                0x00000000       0x38 ..\obj\queue.o
 .text.vQueueDelete
                0x00000000       0x34 ..\obj\queue.o
 .text.prvCopyDataToQueue
                0x00000000       0xe8 ..\obj\queue.o
 .text.prvCopyDataFromQueue
                0x00000000       0x50 ..\obj\queue.o
 .text.prvUnlockQueue
                0x00000000       0xac ..\obj\queue.o
 .text.prvIsQueueEmpty
                0x00000000       0x34 ..\obj\queue.o
 .text.xQueueIsQueueEmptyFromISR
                0x00000000       0x48 ..\obj\queue.o
 .text.prvIsQueueFull
                0x00000000       0x38 ..\obj\queue.o
 .text.xQueueIsQueueFullFromISR
                0x00000000       0x4c ..\obj\queue.o
 .debug_info    0x00000000     0x10b2 ..\obj\queue.o
 .debug_abbrev  0x00000000      0x1e9 ..\obj\queue.o
 .debug_loc     0x00000000      0x4dc ..\obj\queue.o
 .debug_aranges
                0x00000000       0xc8 ..\obj\queue.o
 .debug_ranges  0x00000000       0xb8 ..\obj\queue.o
 .debug_line    0x00000000      0x88f ..\obj\queue.o
 .debug_str     0x00000000      0x674 ..\obj\queue.o
 .comment       0x00000000       0x71 ..\obj\queue.o
 .ARM.attributes
                0x00000000       0x33 ..\obj\queue.o
 .debug_frame   0x00000000      0x2e0 ..\obj\queue.o
 .text          0x00000000        0x0 ..\obj\port.o
 .rodata        0x00000000        0x4 ..\obj\port.o
 .text.vPortEndScheduler
                0x00000000       0x34 ..\obj\port.o
 .text.vPortValidateInterruptPriority
                0x00000000       0x84 ..\obj\port.o
 .text          0x00000000        0x0 ..\obj\croutine.o
 .data          0x00000000        0x0 ..\obj\croutine.o
 .bss           0x00000000        0x0 ..\obj\croutine.o
 .debug_info    0x00000000       0x81 ..\obj\croutine.o
 .debug_abbrev  0x00000000       0x3c ..\obj\croutine.o
 .debug_aranges
                0x00000000       0x18 ..\obj\croutine.o
 .debug_line    0x00000000       0x7c ..\obj\croutine.o
 .debug_str     0x00000000      0x147 ..\obj\croutine.o
 .comment       0x00000000       0x71 ..\obj\croutine.o
 .ARM.attributes
                0x00000000       0x33 ..\obj\croutine.o
 .text          0x00000000        0x0 ..\obj\event_groups.o
 .data          0x00000000        0x0 ..\obj\event_groups.o
 .bss           0x00000000        0x0 ..\obj\event_groups.o
 .text.xEventGroupCreate
                0x00000000       0x38 ..\obj\event_groups.o
 .text.xEventGroupSync
                0x00000000      0x138 ..\obj\event_groups.o
 .text.xEventGroupWaitBits
                0x00000000      0x178 ..\obj\event_groups.o
 .text.xEventGroupClearBits
                0x00000000       0x70 ..\obj\event_groups.o
 .text.xEventGroupGetBitsFromISR
                0x00000000       0x48 ..\obj\event_groups.o
 .text.xEventGroupSetBits
                0x00000000      0x124 ..\obj\event_groups.o
 .text.vEventGroupDelete
                0x00000000       0x64 ..\obj\event_groups.o
 .text.vEventGroupSetBitsCallback
                0x00000000       0x1c ..\obj\event_groups.o
 .text.vEventGroupClearBitsCallback
                0x00000000       0x1c ..\obj\event_groups.o
 .text.prvTestWaitCondition
                0x00000000       0x4c ..\obj\event_groups.o
 .debug_info    0x00000000      0x87d ..\obj\event_groups.o
 .debug_abbrev  0x00000000      0x1f2 ..\obj\event_groups.o
 .debug_loc     0x00000000      0x236 ..\obj\event_groups.o
 .debug_aranges
                0x00000000       0x68 ..\obj\event_groups.o
 .debug_ranges  0x00000000       0x58 ..\obj\event_groups.o
 .debug_line    0x00000000      0x451 ..\obj\event_groups.o
 .debug_str     0x00000000      0x50f ..\obj\event_groups.o
 .comment       0x00000000       0x71 ..\obj\event_groups.o
 .ARM.attributes
                0x00000000       0x33 ..\obj\event_groups.o
 .debug_frame   0x00000000      0x14c ..\obj\event_groups.o
 .text          0x00000000        0x0 ..\obj\heap_1.o
 .data          0x00000000        0x0 ..\obj\heap_1.o
 .text.vPortInitialiseBlocks
                0x00000000       0x18 ..\obj\heap_1.o
 .text          0x00000000        0x0 ..\obj\NumBox.o
 .data          0x00000000        0x0 ..\obj\NumBox.o
 .bss           0x00000000        0x0 ..\obj\NumBox.o
 .text.NumBBoxCallback
                0x00000000       0x18 ..\obj\NumBox.o
 .debug_info    0x00000000       0xe8 ..\obj\NumBox.o
 .debug_abbrev  0x00000000       0x8a ..\obj\NumBox.o
 .debug_loc     0x00000000       0x38 ..\obj\NumBox.o
 .debug_aranges
                0x00000000       0x20 ..\obj\NumBox.o
 .debug_ranges  0x00000000       0x10 ..\obj\NumBox.o
 .debug_line    0x00000000      0x106 ..\obj\NumBox.o
 .debug_str     0x00000000      0x194 ..\obj\NumBox.o
 .comment       0x00000000       0x71 ..\obj\NumBox.o
 .ARM.attributes
                0x00000000       0x33 ..\obj\NumBox.o
 .debug_frame   0x00000000       0x2c ..\obj\NumBox.o
 .text          0x00000000        0x0 ..\obj\TextBox.o
 .data          0x00000000        0x0 ..\obj\TextBox.o
 .bss           0x00000000        0x0 ..\obj\TextBox.o
 .text.TextBoxCallback
                0x00000000       0x18 ..\obj\TextBox.o
 .text.TextBoxSetText
                0x00000000       0x14 ..\obj\TextBox.o
 .text.TextBoxGetText
                0x00000000       0x14 ..\obj\TextBox.o
 .debug_info    0x00000000      0x14f ..\obj\TextBox.o
 .debug_abbrev  0x00000000       0xb4 ..\obj\TextBox.o
 .debug_loc     0x00000000       0xa8 ..\obj\TextBox.o
 .debug_aranges
                0x00000000       0x30 ..\obj\TextBox.o
 .debug_ranges  0x00000000       0x20 ..\obj\TextBox.o
 .debug_line    0x00000000      0x1b1 ..\obj\TextBox.o
 .debug_str     0x00000000      0x1bd ..\obj\TextBox.o
 .comment       0x00000000       0x71 ..\obj\TextBox.o
 .ARM.attributes
                0x00000000       0x33 ..\obj\TextBox.o
 .debug_frame   0x00000000       0x64 ..\obj\TextBox.o
 .text          0x00000000        0x0 c:/program files (x86)/gnu tools arm embedded/4.7 2013q2/bin/../lib/gcc/arm-none-eabi/4.7.4/../../../../arm-none-eabi/lib/armv7-m\libg.a(lib_a-memcpy.o)
 .data          0x00000000        0x0 c:/program files (x86)/gnu tools arm embedded/4.7 2013q2/bin/../lib/gcc/arm-none-eabi/4.7.4/../../../../arm-none-eabi/lib/armv7-m\libg.a(lib_a-memcpy.o)
 .bss           0x00000000        0x0 c:/program files (x86)/gnu tools arm embedded/4.7 2013q2/bin/../lib/gcc/arm-none-eabi/4.7.4/../../../../arm-none-eabi/lib/armv7-m\libg.a(lib_a-memcpy.o)
 .text.memcpy   0x00000000      0x15c c:/program files (x86)/gnu tools arm embedded/4.7 2013q2/bin/../lib/gcc/arm-none-eabi/4.7.4/../../../../arm-none-eabi/lib/armv7-m\libg.a(lib_a-memcpy.o)
 .ARM.attributes
                0x00000000       0x2d c:/program files (x86)/gnu tools arm embedded/4.7 2013q2/bin/../lib/gcc/arm-none-eabi/4.7.4/../../../../arm-none-eabi/lib/armv7-m\libg.a(lib_a-memcpy.o)
 .debug_frame   0x00000000       0x30 c:/program files (x86)/gnu tools arm embedded/4.7 2013q2/bin/../lib/gcc/arm-none-eabi/4.7.4/../../../../arm-none-eabi/lib/armv7-m\libg.a(lib_a-memcpy.o)
 .text          0x00000000        0x0 c:/program files (x86)/gnu tools arm embedded/4.7 2013q2/bin/../lib/gcc/arm-none-eabi/4.7.4/../../../../arm-none-eabi/lib/armv7-m\libg.a(lib_a-memset.o)
 .data          0x00000000        0x0 c:/program files (x86)/gnu tools arm embedded/4.7 2013q2/bin/../lib/gcc/arm-none-eabi/4.7.4/../../../../arm-none-eabi/lib/armv7-m\libg.a(lib_a-memset.o)
 .bss           0x00000000        0x0 c:/program files (x86)/gnu tools arm embedded/4.7 2013q2/bin/../lib/gcc/arm-none-eabi/4.7.4/../../../../arm-none-eabi/lib/armv7-m\libg.a(lib_a-memset.o)

Memory Configuration

Name             Origin             Length             Attributes
rom              0x08000000         0x00010000         xr
ram              0x20000000         0x00005000         xrw
*default*        0x00000000         0xffffffff

Linker script and memory map

                0x20005000                _eram = 0x20005000

.text           0x08000000     0x1618
 *(.isr_vector .isr_vector.*)
 .isr_vector    0x08000000      0x10c ..\obj\startup_stm32f10x_md.o
                0x08000000                g_pfnVectors
 *(.text .text.* .gnu.linkonce.t.*)
 .text.SystemInit
                0x0800010c       0xa8 ..\obj\system_stm32f10x.o
                0x0800010c                SystemInit
 .text.SetSysClock
                0x080001b4        0xc ..\obj\system_stm32f10x.o
 .text.SetSysClockTo72
                0x080001c0      0x1ac ..\obj\system_stm32f10x.o
 .text.Default_Reset_Handler
                0x0800036c       0x70 ..\obj\startup_stm32f10x_md.o
                0x0800036c                Default_Reset_Handler
                0x0800036c                Reset_Handler
 .text.Default_Handler
                0x080003dc        0x8 ..\obj\startup_stm32f10x_md.o
                0x080003dc                EXTI2_IRQHandler
                0x080003dc                DebugMon_Handler
                0x080003dc                TIM1_CC_IRQHandler
                0x080003dc                HardFault_Handler
                0x080003dc                PVD_IRQHandler
                0x080003dc                NMI_Handler
                0x080003dc                EXTI3_IRQHandler
                0x080003dc                EXTI0_IRQHandler
                0x080003dc                I2C2_EV_IRQHandler
                0x080003dc                UsageFault_Handler
                0x080003dc                ADC1_2_IRQHandler
                0x080003dc                SPI1_IRQHandler
                0x080003dc                TAMPER_IRQHandler
                0x080003dc                DMA1_Channel4_IRQHandler
                0x080003dc                USART3_IRQHandler
                0x080003dc                RTC_IRQHandler
                0x080003dc                DMA1_Channel7_IRQHandler
                0x080003dc                CAN1_RX1_IRQHandler
                0x080003dc                TIM4_IRQHandler
                0x080003dc                I2C1_EV_IRQHandler
                0x080003dc                DMA1_Channel6_IRQHandler
                0x080003dc                TIM3_IRQHandler
                0x080003dc                RCC_IRQHandler
                0x080003dc                TIM1_TRG_COM_IRQHandler
                0x080003dc                DMA1_Channel1_IRQHandler
                0x080003dc                EXTI15_10_IRQHandler
                0x080003dc                EXTI9_5_IRQHandler
                0x080003dc                SPI2_IRQHandler
                0x080003dc                MemManage_Handler
                0x080003dc                DMA1_Channel5_IRQHandler
                0x080003dc                EXTI4_IRQHandler
                0x080003dc                USB_LP_CAN1_RX0_IRQHandler
                0x080003dc                USB_HP_CAN1_TX_IRQHandler
                0x080003dc                DMA1_Channel3_IRQHandler
                0x080003dc                TIM1_UP_IRQHandler
                0x080003dc                WWDG_IRQHandler
                0x080003dc                TIM2_IRQHandler
                0x080003dc                TIM1_BRK_IRQHandler
                0x080003dc                EXTI1_IRQHandler
                0x080003dc                RTCAlarm_IRQHandler
                0x080003dc                USART2_IRQHandler
                0x080003dc                I2C2_ER_IRQHandler
                0x080003dc                DMA1_Channel2_IRQHandler
                0x080003dc                CAN1_SCE_IRQHandler
                0x080003dc                FLASH_IRQHandler
                0x080003dc                BusFault_Handler
                0x080003dc                USART1_IRQHandler
                0x080003dc                I2C1_ER_IRQHandler
                0x080003dc                USBWakeUp_IRQHandler
 .text.main     0x080003e4       0x64 ..\obj\main.o
                0x080003e4                main
 .text.task1    0x08000448       0x18 ..\obj\main.o
                0x08000448                task1
 .text.task2    0x08000460       0x18 ..\obj\main.o
                0x08000460                task2
 .text.vApplicationMallocFailedHook
                0x08000478        0x8 ..\obj\main.o
                0x08000478                vApplicationMallocFailedHook
 .text.vApplicationStackOverflowHook
                0x08000480        0xc ..\obj\main.o
                0x08000480                vApplicationStackOverflowHook
 .text.vApplicationIdleHook
                0x0800048c       0x18 ..\obj\main.o
                0x0800048c                vApplicationIdleHook
 .text.xTaskCreate
                0x080004a4       0x90 ..\obj\tasks.o
                0x080004a4                xTaskCreate
 .text.prvInitialiseNewTask
                0x08000534      0x124 ..\obj\tasks.o
 .text.prvAddNewTaskToReadyList
                0x08000658      0x128 ..\obj\tasks.o
 .text.vTaskStartScheduler
                0x08000780       0xa0 ..\obj\tasks.o
                0x08000780                vTaskStartScheduler
 .text.vTaskSuspendAll
                0x08000820       0x24 ..\obj\tasks.o
                0x08000820                vTaskSuspendAll
 .text.xTaskResumeAll
                0x08000844      0x19c ..\obj\tasks.o
                0x08000844                xTaskResumeAll
 .text.xTaskIncrementTick
                0x080009e0      0x208 ..\obj\tasks.o
                0x080009e0                xTaskIncrementTick
 .text.vTaskSwitchContext
                0x08000be8      0x13c ..\obj\tasks.o
                0x08000be8                vTaskSwitchContext
 .text.prvIdleTask
                0x08000d24       0x38 ..\obj\tasks.o
 .text.prvInitialiseTaskLists
                0x08000d5c       0xa4 ..\obj\tasks.o
 .text.prvCheckTasksWaitingTermination
                0x08000e00       0x9c ..\obj\tasks.o
 .text.prvDeleteTCB
                0x08000e9c       0x20 ..\obj\tasks.o
 .text.prvResetNextTaskUnblockTime
                0x08000ebc       0x5c ..\obj\tasks.o
 .text.vListInitialise
                0x08000f18       0x40 ..\obj\list.o
                0x08000f18                vListInitialise
 .text.vListInitialiseItem
                0x08000f58       0x1c ..\obj\list.o
                0x08000f58                vListInitialiseItem
 .text.vListInsertEnd
                0x08000f74       0x48 ..\obj\list.o
                0x08000f74                vListInsertEnd
 .text.uxListRemove
                0x08000fbc       0x58 ..\obj\list.o
                0x08000fbc                uxListRemove
 .text.pxPortInitialiseStack
                0x08001014       0x68 ..\obj\port.o
                0x08001014                pxPortInitialiseStack
 .text.prvTaskExitError
                0x0800107c       0x40 ..\obj\port.o
 *fill*         0x080010bc        0x4 00
 .text.SVC_Handler
                0x080010c0       0x30 ..\obj\port.o
                0x080010c0                SVC_Handler
 .text.prvPortStartFirstTask
                0x080010f0       0x20 ..\obj\port.o
 .text.xPortStartScheduler
                0x08001110      0x10c ..\obj\port.o
                0x08001110                xPortStartScheduler
 .text.vPortEnterCritical
                0x0800121c       0x6c ..\obj\port.o
                0x0800121c                vPortEnterCritical
 .text.vPortExitCritical
                0x08001288       0x64 ..\obj\port.o
                0x08001288                vPortExitCritical
 *fill*         0x080012ec        0x4 00
 .text.PendSV_Handler
                0x080012f0       0x50 ..\obj\port.o
                0x080012f0                PendSV_Handler
 .text.SysTick_Handler
                0x08001340       0x44 ..\obj\port.o
                0x08001340                SysTick_Handler
 .text.vPortSetupTimerInterrupt
                0x08001384       0x2c ..\obj\port.o
                0x08001384                vPortSetupTimerInterrupt
 .text.pvPortMalloc
                0x080013b0       0xc8 ..\obj\heap_1.o
                0x080013b0                pvPortMalloc
 .text.vPortFree
                0x08001478       0x2c ..\obj\heap_1.o
                0x08001478                vPortFree
 .text.xPortGetFreeHeapSize
                0x080014a4       0x20 ..\obj\heap_1.o
                0x080014a4                xPortGetFreeHeapSize
 .text.memset   0x080014c4      0x12c c:/program files (x86)/gnu tools arm embedded/4.7 2013q2/bin/../lib/gcc/arm-none-eabi/4.7.4/../../../../arm-none-eabi/lib/armv7-m\libg.a(lib_a-memset.o)
                0x080014c4                memset
 *(.glue_7t)
 .glue_7t       0x00000000        0x0 linker stubs
 *(.glue_7)
 .glue_7        0x00000000        0x0 linker stubs
 *(.rodata .rodata* .gnu.linkonce.r.*)
 .rodata        0x080015f0       0x20 ..\obj\main.o
 .rodata        0x08001610        0x8 ..\obj\tasks.o

.vfp11_veneer   0x08001618        0x0
 .vfp11_veneer  0x00000000        0x0 linker stubs

.v4_bx          0x08001618        0x0
 .v4_bx         0x00000000        0x0 linker stubs

.iplt           0x08001618        0x0
 .iplt          0x00000000        0x0 ..\obj\core_cm3.o

.rel.dyn        0x08001618        0x0
 .rel.iplt      0x00000000        0x0 ..\obj\core_cm3.o

.ARM.extab
 *(.ARM.extab* .gnu.linkonce.armextab.*)

.ARM.exidx
 *(.ARM.exidx* .gnu.linkonce.armexidx.*)
                0x08001618                . = ALIGN (0x4)
                0x08001618                _etext = .
                0x08001618                _sidata = .

.data           0x20000000        0x4 load address 0x08001618
                0x20000000                _sdata = .
 *(.data .data.*)
 .data          0x20000000        0x4 ..\obj\port.o
                0x20000004                . = ALIGN (0x4)
                0x20000004                _edata = .

.igot.plt       0x20000004        0x0 load address 0x0800161c
 .igot.plt      0x00000000        0x0 ..\obj\core_cm3.o

.bss            0x20000004     0x2c0c load address 0x0800161c
                0x20000004                _sbss = .
 *(.bss .bss.*)
 .bss           0x20000004      0x104 ..\obj\tasks.o
                0x20000004                pxCurrentTCB
 .bss           0x20000108        0x8 ..\obj\port.o
 .bss           0x20000110     0x2b00 ..\obj\heap_1.o
 *(COMMON)
                0x20002c10                . = ALIGN (0x4)
                0x20002c10                _ebss = .

.co_stack       0x20002c10      0x400 load address 0x08004228
                0x20002c10                . = ALIGN (0x8)
 *(.co_stack .co_stack.*)
 .co_stack      0x20002c10      0x400 ..\obj\startup_stm32f10x_md.o
                0x20002c10                pulStack
                0x20003010                . = ALIGN (0x4)
                0x20003010                _end = .
LOAD c:/program files (x86)/gnu tools arm embedded/4.7 2013q2/bin/../lib/gcc/arm-none-eabi/4.7.4/armv7-m\libgcc.a
LOAD c:/program files (x86)/gnu tools arm embedded/4.7 2013q2/bin/../lib/gcc/arm-none-eabi/4.7.4/../../../../arm-none-eabi/lib/armv7-m\libc.a
LOAD c:/program files (x86)/gnu tools arm embedded/4.7 2013q2/bin/../lib/gcc/arm-none-eabi/4.7.4/../../../../arm-none-eabi/lib/armv7-m\libm.a
LOAD ..\obj\core_cm3.o
LOAD ..\obj\system_stm32f10x.o
LOAD ..\obj\startup_stm32f10x_md.o
LOAD ..\obj\stm32f10x_gpio.o
LOAD ..\obj\MenuDriverComon.o
LOAD ..\obj\main.o
LOAD ..\obj\MenuTask.o
LOAD ..\obj\timers.o
LOAD ..\obj\MenuItemBox.o
LOAD ..\obj\stm32f10x_rcc.o
LOAD ..\obj\ListBox.o
LOAD ..\obj\tasks.o
LOAD ..\obj\StaticTextBox.o
LOAD ..\obj\list.o
LOAD ..\obj\syscalls.o
LOAD ..\obj\queue.o
LOAD ..\obj\port.o
LOAD ..\obj\croutine.o
LOAD ..\obj\event_groups.o
LOAD ..\obj\heap_1.o
LOAD ..\obj\NumBox.o
LOAD ..\obj\TextBox.o
START GROUP
LOAD c:/program files (x86)/gnu tools arm embedded/4.7 2013q2/bin/../lib/gcc/arm-none-eabi/4.7.4/armv7-m\libgcc.a
LOAD c:/program files (x86)/gnu tools arm embedded/4.7 2013q2/bin/../lib/gcc/arm-none-eabi/4.7.4/../../../../arm-none-eabi/lib/armv7-m\libg.a
LOAD c:/program files (x86)/gnu tools arm embedded/4.7 2013q2/bin/../lib/gcc/arm-none-eabi/4.7.4/../../../../arm-none-eabi/lib/armv7-m\libc.a
END GROUP
OUTPUT(SolarController.elf elf32-littlearm)

.debug_info     0x00000000     0x2eea
 .debug_info    0x00000000      0x479 ..\obj\system_stm32f10x.o
 .debug_info    0x00000479       0xff ..\obj\startup_stm32f10x_md.o
 .debug_info    0x00000578      0x531 ..\obj\main.o
 .debug_info    0x00000aa9     0x1ac2 ..\obj\tasks.o
 .debug_info    0x0000256b      0x2d8 ..\obj\list.o
 .debug_info    0x00002843      0x4cb ..\obj\port.o
 .debug_info    0x00002d0e      0x1dc ..\obj\heap_1.o

.debug_abbrev   0x00000000      0xa8a
 .debug_abbrev  0x00000000      0x179 ..\obj\system_stm32f10x.o
 .debug_abbrev  0x00000179       0xa9 ..\obj\startup_stm32f10x_md.o
 .debug_abbrev  0x00000222      0x15e ..\obj\main.o
 .debug_abbrev  0x00000380      0x2c0 ..\obj\tasks.o
 .debug_abbrev  0x00000640       0xd8 ..\obj\list.o
 .debug_abbrev  0x00000718      0x21c ..\obj\port.o
 .debug_abbrev  0x00000934      0x156 ..\obj\heap_1.o

.debug_loc      0x00000000     0x1056
 .debug_loc     0x00000000       0xc8 ..\obj\system_stm32f10x.o
 .debug_loc     0x000000c8       0x64 ..\obj\startup_stm32f10x_md.o
 .debug_loc     0x0000012c      0x144 ..\obj\main.o
 .debug_loc     0x00000270      0xa1a ..\obj\tasks.o
 .debug_loc     0x00000c8a      0x118 ..\obj\list.o
 .debug_loc     0x00000da2      0x1ec ..\obj\port.o
 .debug_loc     0x00000f8e       0xc8 ..\obj\heap_1.o

.debug_aranges  0x00000000      0x328
 .debug_aranges
                0x00000000       0x38 ..\obj\system_stm32f10x.o
 .debug_aranges
                0x00000038       0x28 ..\obj\startup_stm32f10x_md.o
 .debug_aranges
                0x00000060       0x48 ..\obj\main.o
 .debug_aranges
                0x000000a8      0x190 ..\obj\tasks.o
 .debug_aranges
                0x00000238       0x40 ..\obj\list.o
 .debug_aranges
                0x00000278       0x78 ..\obj\port.o
 .debug_aranges
                0x000002f0       0x38 ..\obj\heap_1.o

.debug_ranges   0x00000000      0x2b8
 .debug_ranges  0x00000000       0x28 ..\obj\system_stm32f10x.o
 .debug_ranges  0x00000028       0x18 ..\obj\startup_stm32f10x_md.o
 .debug_ranges  0x00000040       0x38 ..\obj\main.o
 .debug_ranges  0x00000078      0x180 ..\obj\tasks.o
 .debug_ranges  0x000001f8       0x30 ..\obj\list.o
 .debug_ranges  0x00000228       0x68 ..\obj\port.o
 .debug_ranges  0x00000290       0x28 ..\obj\heap_1.o

.debug_line     0x00000000     0x1c97
 .debug_line    0x00000000      0x228 ..\obj\system_stm32f10x.o
 .debug_line    0x00000228       0xc8 ..\obj\startup_stm32f10x_md.o
 .debug_line    0x000002f0      0x3ce ..\obj\main.o
 .debug_line    0x000006be      0xce1 ..\obj\tasks.o
 .debug_line    0x0000139f      0x2bb ..\obj\list.o
 .debug_line    0x0000165a      0x37e ..\obj\port.o
 .debug_line    0x000019d8      0x2bf ..\obj\heap_1.o

.debug_str      0x00000000     0x155d
 .debug_str     0x00000000      0x26f ..\obj\system_stm32f10x.o
                                0x2a8 (size before relaxing)
 .debug_str     0x0000026f       0xd6 ..\obj\startup_stm32f10x_md.o
                                0x13a (size before relaxing)
 .debug_str     0x00000345      0x2ef ..\obj\main.o
                                0x409 (size before relaxing)
 .debug_str     0x00000634      0xb3e ..\obj\tasks.o
                                0xce1 (size before relaxing)
 .debug_str     0x00001172       0xef ..\obj\list.o
                                0x28b (size before relaxing)
 .debug_str     0x00001261      0x214 ..\obj\port.o
                                0x3a2 (size before relaxing)
 .debug_str     0x00001475       0xe8 ..\obj\heap_1.o
                                0x224 (size before relaxing)

.comment        0x00000000       0x70
 .comment       0x00000000       0x70 ..\obj\system_stm32f10x.o
                                 0x71 (size before relaxing)
 .comment       0x00000000       0x71 ..\obj\startup_stm32f10x_md.o
 .comment       0x00000000       0x71 ..\obj\main.o
 .comment       0x00000000       0x71 ..\obj\tasks.o
 .comment       0x00000000       0x71 ..\obj\list.o
 .comment       0x00000000       0x71 ..\obj\port.o
 .comment       0x00000000       0x71 ..\obj\heap_1.o

.ARM.attributes
                0x00000000       0x33
 .ARM.attributes
                0x00000000       0x33 ..\obj\system_stm32f10x.o
 .ARM.attributes
                0x00000033       0x33 ..\obj\startup_stm32f10x_md.o
 .ARM.attributes
                0x00000066       0x33 ..\obj\main.o
 .ARM.attributes
                0x00000099       0x33 ..\obj\tasks.o
 .ARM.attributes
                0x000000cc       0x33 ..\obj\list.o
 .ARM.attributes
                0x000000ff       0x33 ..\obj\port.o
 .ARM.attributes
                0x00000132       0x33 ..\obj\heap_1.o
 .ARM.attributes
                0x00000165       0x2d c:/program files (x86)/gnu tools arm embedded/4.7 2013q2/bin/../lib/gcc/arm-none-eabi/4.7.4/../../../../arm-none-eabi/lib/armv7-m\libg.a(lib_a-memset.o)

.debug_frame    0x00000000      0x9f0
 .debug_frame   0x00000000       0x80 ..\obj\system_stm32f10x.o
 .debug_frame   0x00000080       0x48 ..\obj\startup_stm32f10x_md.o
 .debug_frame   0x000000c8       0xbc ..\obj\main.o
 .debug_frame   0x00000184      0x5d0 ..\obj\tasks.o
 .debug_frame   0x00000754       0x9c ..\obj\list.o
 .debug_frame   0x000007f0      0x154 ..\obj\port.o
 .debug_frame   0x00000944       0x80 ..\obj\heap_1.o
 .debug_frame   0x000009c4       0x2c c:/program files (x86)/gnu tools arm embedded/4.7 2013q2/bin/../lib/gcc/arm-none-eabi/4.7.4/../../../../arm-none-eabi/lib/armv7-m\libg.a(lib_a-memset.o)
